0 verbose cli /usr/bin/node /usr/bin/npm
1 info using npm@9.2.0
2 info using node@v20.19.2
3 timing npm:load:whichnode Completed in 0ms
4 timing config:load:defaults Completed in 3ms
5 timing config:load:file:/usr/share/nodejs/npm/npmrc Completed in 6ms
6 timing config:load:builtin Completed in 7ms
7 timing config:load:cli Completed in 3ms
8 timing config:load:env Completed in 0ms
9 timing config:load:file:/home/aitzazji91/nexus-ai-agent/.npmrc Completed in 1ms
10 timing config:load:project Completed in 5ms
11 timing config:load:file:/home/aitzazji91/.npmrc Completed in 0ms
12 timing config:load:user Completed in 1ms
13 timing config:load:file:/etc/npmrc Completed in 0ms
14 timing config:load:global Completed in 1ms
15 timing config:load:setEnvs Completed in 3ms
16 timing config:load Completed in 26ms
17 timing npm:load:configload Completed in 27ms
18 timing npm:load:mkdirpcache Completed in 1ms
19 timing npm:load:mkdirplogs Completed in 0ms
20 verbose title npm run dev
21 verbose argv "run" "dev"
22 timing npm:load:setTitle Completed in 1ms
23 timing config:load:flatten Completed in 7ms
24 timing npm:load:display Completed in 10ms
25 verbose logfile logs-max:10 dir:/home/aitzazji91/.npm/_logs/2026-07-26T09_17_38_196Z-
26 verbose logfile /home/aitzazji91/.npm/_logs/2026-07-26T09_17_38_196Z-debug-0.log
27 timing npm:load:logFile Completed in 18ms
28 timing npm:load:timers Completed in 0ms
29 timing npm:load:configScope Completed in 0ms
30 timing npm:load Completed in 60ms
31 silly logfile start cleaning logs, removing 1 files
32 timing command:run Completed in 4ms
33 verbose stack Error: ENOENT: no such file or directory, open '/home/aitzazji91/nexus-ai-agent/package.json'
34 verbose cwd /home/aitzazji91/nexus-ai-agent
35 verbose Linux 6.6.119-09283-g9c138e0af8c3
36 verbose node v20.19.2
37 verbose npm  v9.2.0
38 error code ENOENT
39 error syscall open
40 error path /home/aitzazji91/nexus-ai-agent/package.json
41 error errno -2
42 error enoent ENOENT: no such file or directory, open '/home/aitzazji91/nexus-ai-agent/package.json'
43 error enoent This is related to npm not being able to find a file.
43 error enoent
44 verbose exit -2
45 timing npm Completed in 118ms
46 verbose code -2
47 error A complete log of this run can be found in:
47 error     /home/aitzazji91/.npm/_logs/2026-07-26T09_17_38_196Z-debug-0.log
