0 verbose cli /usr/bin/node /usr/bin/npm
1 info using npm@9.2.0
2 info using node@v20.19.2
3 timing npm:load:whichnode Completed in 2ms
4 timing config:load:defaults Completed in 4ms
5 timing config:load:file:/usr/share/nodejs/npm/npmrc Completed in 7ms
6 timing config:load:builtin Completed in 8ms
7 timing config:load:cli Completed in 4ms
8 timing config:load:env Completed in 1ms
9 timing config:load:file:/home/aitzazji91/nexus-ai-agent/.npmrc Completed in 1ms
10 timing config:load:project Completed in 6ms
11 timing config:load:file:/home/aitzazji91/.npmrc Completed in 0ms
12 timing config:load:user Completed in 1ms
13 timing config:load:file:/etc/npmrc Completed in 0ms
14 timing config:load:global Completed in 1ms
15 timing config:load:setEnvs Completed in 2ms
16 timing config:load Completed in 28ms
17 timing npm:load:configload Completed in 29ms
18 timing npm:load:mkdirpcache Completed in 2ms
19 timing npm:load:mkdirplogs Completed in 1ms
20 verbose title npm install
21 verbose argv "install"
22 timing npm:load:setTitle Completed in 2ms
23 timing config:load:flatten Completed in 8ms
24 timing npm:load:display Completed in 10ms
25 verbose logfile logs-max:10 dir:/home/aitzazji91/.npm/_logs/2026-07-26T09_17_36_871Z-
26 verbose logfile /home/aitzazji91/.npm/_logs/2026-07-26T09_17_36_871Z-debug-0.log
27 timing npm:load:logFile Completed in 21ms
28 timing npm:load:timers Completed in 0ms
29 timing npm:load:configScope Completed in 0ms
30 timing npm:load Completed in 68ms
31 silly logfile start cleaning logs, removing 1 files
32 timing config:load:flatten Completed in 2ms
33 timing arborist:ctor Completed in 2ms
34 silly logfile done cleaning log files
35 timing arborist:ctor Completed in 0ms
36 timing idealTree:init Completed in 32ms
37 timing idealTree:userRequests Completed in 1ms
38 silly idealTree buildDeps
39 timing idealTree:#root Completed in 0ms
40 timing idealTree:buildDeps Completed in 3ms
41 timing idealTree:fixDepFlags Completed in 0ms
42 timing idealTree Completed in 39ms
43 timing reify:loadTrees Completed in 42ms
44 timing reify:diffTrees Completed in 2ms
45 silly reify moves {}
46 timing reify:retireShallow Completed in 2ms
47 timing reify:createSparse Completed in 1ms
48 timing reify:loadBundles Completed in 0ms
49 timing reify:unpack Completed in 1ms
50 timing reify:unretire Completed in 1ms
51 timing build:queue Completed in 0ms
52 timing build:deps Completed in 0ms
53 timing build Completed in 2ms
54 timing reify:build Completed in 2ms
55 timing reify:trash Completed in 0ms
56 timing reify:save Completed in 34ms
57 timing reify Completed in 102ms
58 timing command:install Completed in 115ms
59 verbose stack Error: ENOENT: no such file or directory, open '/home/aitzazji91/nexus-ai-agent/package.json'
60 verbose cwd /home/aitzazji91/nexus-ai-agent
61 verbose Linux 6.6.119-09283-g9c138e0af8c3
62 verbose node v20.19.2
63 verbose npm  v9.2.0
64 error code ENOENT
65 error syscall open
66 error path /home/aitzazji91/nexus-ai-agent/package.json
67 error errno -2
68 error enoent ENOENT: no such file or directory, open '/home/aitzazji91/nexus-ai-agent/package.json'
69 error enoent This is related to npm not being able to find a file.
69 error enoent
70 verbose exit -2
71 timing npm Completed in 256ms
72 verbose code -2
73 error A complete log of this run can be found in:
73 error     /home/aitzazji91/.npm/_logs/2026-07-26T09_17_36_871Z-debug-0.log
