0 verbose cli /usr/bin/node /usr/bin/npm
1 info using npm@9.2.0
2 info using node@v20.19.2
3 timing npm:load:whichnode Completed in 0ms
4 timing config:load:defaults Completed in 3ms
5 timing config:load:file:/usr/share/nodejs/npm/npmrc Completed in 6ms
6 timing config:load:builtin Completed in 6ms
7 timing config:load:cli Completed in 4ms
8 timing config:load:env Completed in 0ms
9 timing config:load:file:/home/aitzazji91/nexus-ai-agent/.npmrc Completed in 0ms
10 timing config:load:project Completed in 5ms
11 timing config:load:file:/home/aitzazji91/.npmrc Completed in 0ms
12 timing config:load:user Completed in 0ms
13 timing config:load:file:/etc/npmrc Completed in 0ms
14 timing config:load:global Completed in 0ms
15 timing config:load:setEnvs Completed in 3ms
16 timing config:load Completed in 24ms
17 timing npm:load:configload Completed in 24ms
18 timing npm:load:mkdirpcache Completed in 1ms
19 timing npm:load:mkdirplogs Completed in 0ms
20 verbose title npm run dav
21 verbose argv "run" "dav"
22 timing npm:load:setTitle Completed in 1ms
23 timing config:load:flatten Completed in 6ms
24 timing npm:load:display Completed in 9ms
25 verbose logfile logs-max:10 dir:/home/aitzazji91/.npm/_logs/2026-07-26T07_55_02_172Z-
26 verbose logfile /home/aitzazji91/.npm/_logs/2026-07-26T07_55_02_172Z-debug-0.log
27 timing npm:load:logFile Completed in 17ms
28 timing npm:load:timers Completed in 0ms
29 timing npm:load:configScope Completed in 0ms
30 timing npm:load Completed in 56ms
31 silly logfile start cleaning logs, removing 1 files
32 timing config:load:flatten Completed in 2ms
33 silly logfile done cleaning log files
34 timing command:run Completed in 14ms
35 verbose stack Error: Missing script: "dav"
35 verbose stack
35 verbose stack Did you mean this?
35 verbose stack     npm run dev # run the "dev" package script
35 verbose stack
35 verbose stack To see a list of scripts, run:
35 verbose stack   npm run
35 verbose stack     at RunScript.run (/usr/share/nodejs/npm/lib/commands/run-script.js:98:13)
35 verbose stack     at async module.exports (/usr/share/nodejs/npm/lib/cli.js:133:5)
36 verbose cwd /home/aitzazji91/nexus-ai-agent
37 verbose Linux 6.6.119-09283-g9c138e0af8c3
38 verbose node v20.19.2
39 verbose npm  v9.2.0
40 error Missing script: "dav"
40 error
40 error Did you mean this?
40 error     npm run dev # run the "dev" package script
40 error
40 error To see a list of scripts, run:
40 error   npm run
41 verbose exit 1
42 timing npm Completed in 124ms
43 verbose code 1
44 error A complete log of this run can be found in:
44 error     /home/aitzazji91/.npm/_logs/2026-07-26T07_55_02_172Z-debug-0.log
