0 verbose cli /usr/bin/node /usr/bin/npm
1 info using npm@9.2.0
2 info using node@v20.19.2
3 timing npm:load:whichnode Completed in 1ms
4 timing config:load:defaults Completed in 4ms
5 timing config:load:file:/usr/share/nodejs/npm/npmrc Completed in 5ms
6 timing config:load:builtin Completed in 5ms
7 timing config:load:cli Completed in 4ms
8 timing config:load:env Completed in 1ms
9 timing config:load:file:/home/aitzazji91/nexus-ai-agent/.npmrc Completed in 0ms
10 timing config:load:project Completed in 6ms
11 timing config:load:file:/home/aitzazji91/.npmrc Completed in 0ms
12 timing config:load:user Completed in 1ms
13 timing config:load:file:/etc/npmrc Completed in 0ms
14 timing config:load:global Completed in 0ms
15 timing config:load:setEnvs Completed in 2ms
16 timing config:load Completed in 24ms
17 timing npm:load:configload Completed in 24ms
18 timing npm:load:mkdirpcache Completed in 1ms
19 timing npm:load:mkdirplogs Completed in 0ms
20 verbose title npm install
21 verbose argv "install"
22 timing npm:load:setTitle Completed in 2ms
23 timing config:load:flatten Completed in 7ms
24 timing npm:load:display Completed in 9ms
25 verbose logfile logs-max:10 dir:/home/aitzazji91/.npm/_logs/2026-07-26T07_51_52_032Z-
26 verbose logfile /home/aitzazji91/.npm/_logs/2026-07-26T07_51_52_032Z-debug-0.log
27 timing npm:load:logFile Completed in 17ms
28 timing npm:load:timers Completed in 1ms
29 timing npm:load:configScope Completed in 0ms
30 timing npm:load Completed in 55ms
31 silly logfile start cleaning logs, removing 1 files
32 timing config:load:flatten Completed in 2ms
33 timing arborist:ctor Completed in 1ms
34 silly logfile done cleaning log files
35 timing idealTree:init Completed in 535ms
36 timing idealTree:userRequests Completed in 1ms
37 silly idealTree buildDeps
38 timing idealTree:#root Completed in 3ms
39 timing idealTree:node_modules/@tailwindcss/oxide-wasm32-wasi Completed in 0ms
40 timing idealTree:buildDeps Completed in 8ms
41 timing idealTree:fixDepFlags Completed in 1ms
42 timing idealTree Completed in 556ms
43 timing arborist:ctor Completed in 0ms
44 timing reify:loadTrees Completed in 918ms
45 timing reify:diffTrees Completed in 20ms
46 silly reify moves {}
47 timing reify:retireShallow Completed in 3ms
48 timing reify:createSparse Completed in 75ms
49 verbose reify failed optional dependency /home/aitzazji91/nexus-ai-agent/node_modules/@tailwindcss/oxide-wasm32-wasi
50 silly reify mark deleted [
50 silly reify   '/home/aitzazji91/nexus-ai-agent/node_modules/@tailwindcss/oxide-wasm32-wasi'
50 silly reify ]
51 timing reifyNode:node_modules/@tailwindcss/oxide-wasm32-wasi Completed in 7ms
52 timing arborist:ctor Completed in 0ms
53 timing reify:diffTrees Completed in 10ms
54 timing reify:loadBundles Completed in 26ms
55 silly audit bulk request {
55 silly audit   '@babel/code-frame': [ '7.29.7' ],
55 silly audit   '@babel/compat-data': [ '7.29.7' ],
55 silly audit   '@babel/core': [ '7.29.7' ],
55 silly audit   '@babel/generator': [ '7.29.7' ],
55 silly audit   '@babel/helper-compilation-targets': [ '7.29.7' ],
55 silly audit   '@babel/helper-globals': [ '7.29.7' ],
55 silly audit   '@babel/helper-module-imports': [ '7.29.7' ],
55 silly audit   '@babel/helper-module-transforms': [ '7.29.7' ],
55 silly audit   '@babel/helper-plugin-utils': [ '7.29.7' ],
55 silly audit   '@babel/helper-string-parser': [ '7.29.7' ],
55 silly audit   '@babel/helper-validator-identifier': [ '7.29.7' ],
55 silly audit   '@babel/helper-validator-option': [ '7.29.7' ],
55 silly audit   '@babel/helpers': [ '7.29.7' ],
55 silly audit   '@babel/parser': [ '7.29.7' ],
55 silly audit   '@babel/plugin-transform-react-jsx-self': [ '7.29.7' ],
55 silly audit   '@babel/plugin-transform-react-jsx-source': [ '7.29.7' ],
55 silly audit   '@babel/template': [ '7.29.7' ],
55 silly audit   '@babel/traverse': [ '7.29.7' ],
55 silly audit   '@babel/types': [ '7.29.7' ],
55 silly audit   '@dimforge/rapier3d-compat': [ '0.12.0' ],
55 silly audit   '@esbuild/aix-ppc64': [ '0.25.12', '0.28.1' ],
55 silly audit   '@esbuild/android-arm': [ '0.25.12', '0.28.1' ],
55 silly audit   '@esbuild/android-arm64': [ '0.25.12', '0.28.1' ],
55 silly audit   '@esbuild/android-x64': [ '0.25.12', '0.28.1' ],
55 silly audit   '@esbuild/darwin-arm64': [ '0.25.12', '0.28.1' ],
55 silly audit   '@esbuild/darwin-x64': [ '0.25.12', '0.28.1' ],
55 silly audit   '@esbuild/freebsd-arm64': [ '0.25.12', '0.28.1' ],
55 silly audit   '@esbuild/freebsd-x64': [ '0.25.12', '0.28.1' ],
55 silly audit   '@esbuild/linux-arm': [ '0.25.12', '0.28.1' ],
55 silly audit   '@esbuild/linux-arm64': [ '0.25.12', '0.28.1' ],
55 silly audit   '@esbuild/linux-ia32': [ '0.25.12', '0.28.1' ],
55 silly audit   '@esbuild/linux-loong64': [ '0.25.12', '0.28.1' ],
55 silly audit   '@esbuild/linux-mips64el': [ '0.25.12', '0.28.1' ],
55 silly audit   '@esbuild/linux-ppc64': [ '0.25.12', '0.28.1' ],
55 silly audit   '@esbuild/linux-riscv64': [ '0.25.12', '0.28.1' ],
55 silly audit   '@esbuild/linux-s390x': [ '0.25.12', '0.28.1' ],
55 silly audit   '@esbuild/linux-x64': [ '0.25.12', '0.28.1' ],
55 silly audit   '@esbuild/netbsd-arm64': [ '0.25.12', '0.28.1' ],
55 silly audit   '@esbuild/netbsd-x64': [ '0.25.12', '0.28.1' ],
55 silly audit   '@esbuild/openbsd-arm64': [ '0.25.12', '0.28.1' ],
55 silly audit   '@esbuild/openbsd-x64': [ '0.25.12', '0.28.1' ],
55 silly audit   '@esbuild/openharmony-arm64': [ '0.25.12', '0.28.1' ],
55 silly audit   '@esbuild/sunos-x64': [ '0.25.12', '0.28.1' ],
55 silly audit   '@esbuild/win32-arm64': [ '0.25.12', '0.28.1' ],
55 silly audit   '@esbuild/win32-ia32': [ '0.25.12', '0.28.1' ],
55 silly audit   '@esbuild/win32-x64': [ '0.25.12', '0.28.1' ],
55 silly audit   '@google/genai': [ '2.13.0' ],
55 silly audit   '@jridgewell/gen-mapping': [ '0.3.13' ],
55 silly audit   '@jridgewell/remapping': [ '2.3.5' ],
55 silly audit   '@jridgewell/resolve-uri': [ '3.1.2' ],
55 silly audit   '@jridgewell/sourcemap-codec': [ '1.5.5' ],
55 silly audit   '@jridgewell/trace-mapping': [ '0.3.31' ],
55 silly audit   '@pixiv/three-vrm': [ '3.5.5' ],
55 silly audit   '@pixiv/three-vrm-core': [ '3.5.5' ],
55 silly audit   '@pixiv/three-vrm-materials-hdr-emissive-multiplier': [ '3.5.5' ],
55 silly audit   '@pixiv/three-vrm-materials-mtoon': [ '3.5.5' ],
55 silly audit   '@pixiv/three-vrm-materials-v0compat': [ '3.5.5' ],
55 silly audit   '@pixiv/three-vrm-node-constraint': [ '3.5.5' ],
55 silly audit   '@pixiv/three-vrm-springbone': [ '3.5.5' ],
55 silly audit   '@pixiv/types-vrm-0.0': [ '3.5.5' ],
55 silly audit   '@pixiv/types-vrmc-materials-hdr-emissive-multiplier-1.0': [ '3.5.5' ],
55 silly audit   '@pixiv/types-vrmc-materials-mtoon-1.0': [ '3.5.5' ],
55 silly audit   '@pixiv/types-vrmc-node-constraint-1.0': [ '3.5.5' ],
55 silly audit   '@pixiv/types-vrmc-springbone-1.0': [ '3.5.5' ],
55 silly audit   '@pixiv/types-vrmc-springbone-extended-collider-1.0': [ '3.5.5' ],
55 silly audit   '@pixiv/types-vrmc-vrm-1.0': [ '3.5.5' ],
55 silly audit   '@protobufjs/aspromise': [ '1.1.2' ],
55 silly audit   '@protobufjs/base64': [ '1.1.2' ],
55 silly audit   '@protobufjs/codegen': [ '2.0.5' ],
55 silly audit   '@protobufjs/eventemitter': [ '1.1.1' ],
55 silly audit   '@protobufjs/fetch': [ '1.1.1' ],
55 silly audit   '@protobufjs/float': [ '1.0.2' ],
55 silly audit   '@protobufjs/path': [ '1.1.2' ],
55 silly audit   '@protobufjs/pool': [ '1.1.0' ],
55 silly audit   '@protobufjs/utf8': [ '1.1.2' ],
55 silly audit   '@rolldown/pluginutils': [ '1.0.0-rc.3' ],
55 silly audit   '@rollup/rollup-android-arm-eabi': [ '4.62.2' ],
55 silly audit   '@rollup/rollup-android-arm64': [ '4.62.2' ],
55 silly audit   '@rollup/rollup-darwin-arm64': [ '4.62.2' ],
55 silly audit   '@rollup/rollup-darwin-x64': [ '4.62.2' ],
55 silly audit   '@rollup/rollup-freebsd-arm64': [ '4.62.2' ],
55 silly audit   '@rollup/rollup-freebsd-x64': [ '4.62.2' ],
55 silly audit   '@rollup/rollup-linux-arm-gnueabihf': [ '4.62.2' ],
55 silly audit   '@rollup/rollup-linux-arm-musleabihf': [ '4.62.2' ],
55 silly audit   '@rollup/rollup-linux-arm64-gnu': [ '4.62.2' ],
55 silly audit   '@rollup/rollup-linux-arm64-musl': [ '4.62.2' ],
55 silly audit   '@rollup/rollup-linux-loong64-gnu': [ '4.62.2' ],
55 silly audit   '@rollup/rollup-linux-loong64-musl': [ '4.62.2' ],
55 silly audit   '@rollup/rollup-linux-ppc64-gnu': [ '4.62.2' ],
55 silly audit   '@rollup/rollup-linux-ppc64-musl': [ '4.62.2' ],
55 silly audit   '@rollup/rollup-linux-riscv64-gnu': [ '4.62.2' ],
55 silly audit   '@rollup/rollup-linux-riscv64-musl': [ '4.62.2' ],
55 silly audit   '@rollup/rollup-linux-s390x-gnu': [ '4.62.2' ],
55 silly audit   '@rollup/rollup-linux-x64-gnu': [ '4.62.2' ],
55 silly audit   '@rollup/rollup-linux-x64-musl': [ '4.62.2' ],
55 silly audit   '@rollup/rollup-openbsd-x64': [ '4.62.2' ],
55 silly audit   '@rollup/rollup-openharmony-arm64': [ '4.62.2' ],
55 silly audit   '@rollup/rollup-win32-arm64-msvc': [ '4.62.2' ],
55 silly audit   '@rollup/rollup-win32-ia32-msvc': [ '4.62.2' ],
55 silly audit   '@rollup/rollup-win32-x64-gnu': [ '4.62.2' ],
55 silly audit   '@rollup/rollup-win32-x64-msvc': [ '4.62.2' ],
55 silly audit   '@tailwindcss/node': [ '4.3.3' ],
55 silly audit   '@tailwindcss/oxide': [ '4.3.3' ],
55 silly audit   '@tailwindcss/oxide-android-arm64': [ '4.3.3' ],
55 silly audit   '@tailwindcss/oxide-darwin-arm64': [ '4.3.3' ],
55 silly audit   '@tailwindcss/oxide-darwin-x64': [ '4.3.3' ],
55 silly audit   '@tailwindcss/oxide-freebsd-x64': [ '4.3.3' ],
55 silly audit   '@tailwindcss/oxide-linux-arm-gnueabihf': [ '4.3.3' ],
55 silly audit   '@tailwindcss/oxide-linux-arm64-gnu': [ '4.3.3' ],
55 silly audit   '@tailwindcss/oxide-linux-arm64-musl': [ '4.3.3' ],
55 silly audit   '@tailwindcss/oxide-linux-x64-gnu': [ '4.3.3' ],
55 silly audit   '@tailwindcss/oxide-linux-x64-musl': [ '4.3.3' ],
55 silly audit   '@tailwindcss/oxide-win32-arm64-msvc': [ '4.3.3' ],
55 silly audit   '@tailwindcss/oxide-win32-x64-msvc': [ '4.3.3' ],
55 silly audit   '@tailwindcss/vite': [ '4.3.3' ],
55 silly audit   '@tweenjs/tween.js': [ '23.1.3' ],
55 silly audit   '@types/babel__core': [ '7.20.5' ],
55 silly audit   '@types/babel__generator': [ '7.27.0' ],
55 silly audit   '@types/babel__template': [ '7.4.4' ],
55 silly audit   '@types/babel__traverse': [ '7.28.0' ],
55 silly audit   '@types/body-parser': [ '1.19.6' ],
55 silly audit   '@types/connect': [ '3.4.38' ],
55 silly audit   '@types/estree': [ '1.0.9' ],
55 silly audit   '@types/express': [ '4.17.25' ],
55 silly audit   '@types/express-serve-static-core': [ '4.19.9' ],
55 silly audit   '@types/http-errors': [ '2.0.5' ],
55 silly audit   '@types/mime': [ '1.3.5' ],
55 silly audit   '@types/node': [ '22.20.1' ],
55 silly audit   '@types/qs': [ '6.15.1' ],
55 silly audit   '@types/range-parser': [ '1.2.7' ],
55 silly audit   '@types/retry': [ '0.12.0' ],
55 silly audit   '@types/send': [ '1.2.1', '0.17.6' ],
55 silly audit   '@types/serve-static': [ '1.15.10' ],
55 silly audit   '@types/stats.js': [ '0.17.4' ],
55 silly audit   '@types/three': [ '0.185.1' ],
55 silly audit   '@types/webxr': [ '0.5.24' ],
55 silly audit   '@vitejs/plugin-react': [ '5.2.0' ],
55 silly audit   accepts: [ '1.3.8' ],
55 silly audit   'agent-base': [ '7.1.4' ],
55 silly audit   'array-flatten': [ '1.1.1' ],
55 silly audit   autoprefixer: [ '10.5.4' ],
55 silly audit   'base64-js': [ '1.5.1' ],
55 silly audit   'baseline-browser-mapping': [ '2.11.1' ],
55 silly audit   'bignumber.js': [ '9.3.1' ],
55 silly audit   'body-parser': [ '1.20.6' ],
55 silly audit   debug: [ '2.6.9', '4.4.3' ],
55 silly audit   ms: [ '2.0.0', '2.1.3' ],
55 silly audit   browserslist: [ '4.28.7' ],
55 silly audit   'buffer-equal-constant-time': [ '1.0.1' ],
55 silly audit   bytes: [ '3.1.2' ],
55 silly audit   'call-bind-apply-helpers': [ '1.0.2' ],
55 silly audit   'call-bound': [ '1.0.4' ],
55 silly audit   'caniuse-lite': [ '1.0.30001806' ],
55 silly audit   'content-disposition': [ '0.5.4' ],
55 silly audit   'content-type': [ '1.0.5' ],
55 silly audit   'convert-source-map': [ '2.0.0' ],
55 silly audit   cookie: [ '0.7.2' ],
55 silly audit   'cookie-signature': [ '1.0.7' ],
55 silly audit   'data-uri-to-buffer': [ '4.0.1' ],
55 silly audit   depd: [ '2.0.0' ],
55 silly audit   destroy: [ '1.2.0' ],
55 silly audit   'detect-libc': [ '2.1.2' ],
55 silly audit   dotenv: [ '17.4.2' ],
55 silly audit   'dunder-proto': [ '1.0.1' ],
55 silly audit   'ecdsa-sig-formatter': [ '1.0.11' ],
55 silly audit   'ee-first': [ '1.1.1' ],
55 silly audit   'electron-to-chromium': [ '1.5.396' ],
55 silly audit   encodeurl: [ '2.0.0' ],
55 silly audit   'enhanced-resolve': [ '5.24.3' ],
55 silly audit   'es-define-property': [ '1.0.1' ],
55 silly audit   'es-errors': [ '1.3.0' ],
55 silly audit   'es-object-atoms': [ '1.1.2' ],
55 silly audit   esbuild: [ '0.25.12', '0.28.1' ],
55 silly audit   escalade: [ '3.2.0' ],
55 silly audit   'escape-html': [ '1.0.3' ],
55 silly audit   etag: [ '1.8.1' ],
55 silly audit   express: [ '4.22.2' ],
55 silly audit   extend: [ '3.0.2' ],
55 silly audit   fdir: [ '6.5.0' ],
55 silly audit   'fetch-blob': [ '3.2.0' ],
55 silly audit   fflate: [ '0.8.3' ],
55 silly audit   finalhandler: [ '1.3.2' ],
55 silly audit   'formdata-polyfill': [ '4.0.10' ],
55 silly audit   forwarded: [ '0.2.0' ],
55 silly audit   'fraction.js': [ '5.3.4' ],
55 silly audit   'framer-motion': [ '12.42.2' ],
55 silly audit   fresh: [ '0.5.2' ],
55 silly audit   fsevents: [ '2.3.3' ],
55 silly audit   'function-bind': [ '1.1.2' ],
55 silly audit   gaxios: [ '7.3.0' ],
55 silly audit   'gcp-metadata': [ '8.1.2' ],
55 silly audit   gensync: [ '1.0.0-beta.2' ],
55 silly audit   'get-intrinsic': [ '1.3.0' ],
55 silly audit   'get-proto': [ '1.0.1' ],
55 silly audit   'google-auth-library': [ '10.9.1' ],
55 silly audit   'google-logging-utils': [ '1.1.3' ],
55 silly audit   gopd: [ '1.2.0' ],
55 silly audit   'graceful-fs': [ '4.2.11' ],
55 silly audit   'has-symbols': [ '1.1.0' ],
55 silly audit   hasown: [ '2.0.4' ],
55 silly audit   'http-errors': [ '2.0.1' ],
55 silly audit   'https-proxy-agent': [ '7.0.6' ],
55 silly audit   'iconv-lite': [ '0.4.24' ],
55 silly audit   inherits: [ '2.0.4' ],
55 silly audit   'ipaddr.js': [ '1.9.1' ],
55 silly audit   jiti: [ '2.7.0' ],
55 silly audit   'js-tokens': [ '4.0.0' ],
55 silly audit   jsesc: [ '3.1.0' ],
55 silly audit   'json-bigint': [ '1.0.0' ],
55 silly audit   json5: [ '2.2.3' ],
55 silly audit   jwa: [ '2.0.1' ],
55 silly audit   jws: [ '4.0.1' ],
55 silly audit   lightningcss: [ '1.32.0' ],
55 silly audit   'lightningcss-android-arm64': [ '1.32.0' ],
55 silly audit   'lightningcss-darwin-arm64': [ '1.32.0' ],
55 silly audit   'lightningcss-darwin-x64': [ '1.32.0' ],
55 silly audit   'lightningcss-freebsd-x64': [ '1.32.0' ],
55 silly audit   'lightningcss-linux-arm-gnueabihf': [ '1.32.0' ],
55 silly audit   'lightningcss-linux-arm64-gnu': [ '1.32.0' ],
55 silly audit   'lightningcss-linux-arm64-musl': [ '1.32.0' ],
55 silly audit   'lightningcss-linux-x64-gnu': [ '1.32.0' ],
55 silly audit   'lightningcss-linux-x64-musl': [ '1.32.0' ],
55 silly audit   'lightningcss-win32-arm64-msvc': [ '1.32.0' ],
55 silly audit   'lightningcss-win32-x64-msvc': [ '1.32.0' ],
55 silly audit   long: [ '5.3.2' ],
55 silly audit   'lru-cache': [ '5.1.1' ],
55 silly audit   'lucide-react': [ '0.546.0' ],
55 silly audit   'magic-string': [ '0.30.21' ],
55 silly audit   'math-intrinsics': [ '1.1.0' ],
55 silly audit   'media-typer': [ '0.3.0' ],
55 silly audit   'merge-descriptors': [ '1.0.3' ],
55 silly audit   meshoptimizer: [ '1.1.1' ],
55 silly audit   methods: [ '1.1.2' ],
55 silly audit   mime: [ '1.6.0' ],
55 silly audit   'mime-db': [ '1.52.0' ],
55 silly audit   'mime-types': [ '2.1.35' ],
55 silly audit   motion: [ '12.42.2' ],
55 silly audit   'motion-dom': [ '12.42.2' ],
55 silly audit   'motion-utils': [ '12.39.0' ],
55 silly audit   nanoid: [ '3.3.16' ],
55 silly audit   negotiator: [ '0.6.3' ],
55 silly audit   'node-domexception': [ '1.0.0' ],
55 silly audit   'node-fetch': [ '3.3.2' ],
55 silly audit   'node-releases': [ '2.0.51' ],
55 silly audit   'object-inspect': [ '1.13.4' ],
55 silly audit   'on-finished': [ '2.4.1' ],
55 silly audit   'p-retry': [ '4.6.2' ],
55 silly audit   parseurl: [ '1.3.3' ],
55 silly audit   'path-to-regexp': [ '0.1.13' ],
55 silly audit   picocolors: [ '1.1.1' ],
55 silly audit   picomatch: [ '4.0.5' ],
55 silly audit   postcss: [ '8.5.23' ],
55 silly audit   'postcss-value-parser': [ '4.2.0' ],
55 silly audit   protobufjs: [ '7.6.5' ],
55 silly audit   'proxy-addr': [ '2.0.7' ],
55 silly audit   qs: [ '6.15.3' ],
55 silly audit   'range-parser': [ '1.2.1' ],
55 silly audit   'raw-body': [ '2.5.3' ],
55 silly audit   react: [ '19.2.8' ],
55 silly audit   'react-dom': [ '19.2.8' ],
55 silly audit   'react-refresh': [ '0.18.0' ],
55 silly audit   retry: [ '0.13.1' ],
55 silly audit   rollup: [ '4.62.2' ],
55 silly audit   'safe-buffer': [ '5.2.1' ],
55 silly audit   'safer-buffer': [ '2.1.2' ],
55 silly audit   scheduler: [ '0.27.0' ],
55 silly audit   semver: [ '6.3.1' ],
55 silly audit   send: [ '0.19.2' ],
55 silly audit   'serve-static': [ '1.16.3' ],
55 silly audit   setprototypeof: [ '1.2.0' ],
55 silly audit   'side-channel': [ '1.1.1' ],
55 silly audit   'side-channel-list': [ '1.0.1' ],
55 silly audit   'side-channel-map': [ '1.0.1' ],
55 silly audit   'side-channel-weakmap': [ '1.0.2' ],
55 silly audit   'source-map-js': [ '1.2.1' ],
55 silly audit   statuses: [ '2.0.2' ],
55 silly audit   tailwindcss: [ '4.3.3' ],
55 silly audit   tapable: [ '2.3.3' ],
55 silly audit   three: [ '0.185.1' ],
55 silly audit   tinyglobby: [ '0.2.17' ],
55 silly audit   toidentifier: [ '1.0.1' ],
55 silly audit   tslib: [ '2.8.1' ],
55 silly audit   tsx: [ '4.23.1' ],
55 silly audit   'type-is': [ '1.6.18' ],
55 silly audit   typescript: [ '5.8.3' ],
55 silly audit   'undici-types': [ '6.21.0' ],
55 silly audit   unpipe: [ '1.0.0' ],
55 silly audit   'update-browserslist-db': [ '1.2.3' ],
55 silly audit   'utils-merge': [ '1.0.1' ],
55 silly audit   vary: [ '1.1.2' ],
55 silly audit   vite: [ '6.4.3' ],
55 silly audit   'web-streams-polyfill': [ '3.3.3' ],
55 silly audit   ws: [ '8.21.1' ],
55 silly audit   yallist: [ '3.1.1' ],
55 silly audit   '@tailwindcss/oxide-wasm32-wasi': [ '4.3.3' ]
55 silly audit }
56 verbose reify failed optional dependency /home/aitzazji91/nexus-ai-agent/node_modules/lightningcss-win32-x64-msvc
57 silly reify mark deleted [
57 silly reify   '/home/aitzazji91/nexus-ai-agent/node_modules/lightningcss-win32-x64-msvc'
57 silly reify ]
58 verbose reify failed optional dependency /home/aitzazji91/nexus-ai-agent/node_modules/lightningcss-win32-arm64-msvc
59 silly reify mark deleted [
59 silly reify   '/home/aitzazji91/nexus-ai-agent/node_modules/lightningcss-win32-arm64-msvc'
59 silly reify ]
60 verbose reify failed optional dependency /home/aitzazji91/nexus-ai-agent/node_modules/lightningcss-linux-arm64-musl
61 silly reify mark deleted [
61 silly reify   '/home/aitzazji91/nexus-ai-agent/node_modules/lightningcss-linux-arm64-musl'
61 silly reify ]
62 verbose reify failed optional dependency /home/aitzazji91/nexus-ai-agent/node_modules/lightningcss-linux-arm64-gnu
63 silly reify mark deleted [
63 silly reify   '/home/aitzazji91/nexus-ai-agent/node_modules/lightningcss-linux-arm64-gnu'
63 silly reify ]
64 verbose reify failed optional dependency /home/aitzazji91/nexus-ai-agent/node_modules/lightningcss-linux-arm-gnueabihf
65 silly reify mark deleted [
65 silly reify   '/home/aitzazji91/nexus-ai-agent/node_modules/lightningcss-linux-arm-gnueabihf'
65 silly reify ]
66 verbose reify failed optional dependency /home/aitzazji91/nexus-ai-agent/node_modules/lightningcss-freebsd-x64
67 silly reify mark deleted [
67 silly reify   '/home/aitzazji91/nexus-ai-agent/node_modules/lightningcss-freebsd-x64'
67 silly reify ]
68 verbose reify failed optional dependency /home/aitzazji91/nexus-ai-agent/node_modules/lightningcss-darwin-x64
69 silly reify mark deleted [
69 silly reify   '/home/aitzazji91/nexus-ai-agent/node_modules/lightningcss-darwin-x64'
69 silly reify ]
70 verbose reify failed optional dependency /home/aitzazji91/nexus-ai-agent/node_modules/lightningcss-darwin-arm64
71 silly reify mark deleted [
71 silly reify   '/home/aitzazji91/nexus-ai-agent/node_modules/lightningcss-darwin-arm64'
71 silly reify ]
72 verbose reify failed optional dependency /home/aitzazji91/nexus-ai-agent/node_modules/lightningcss-android-arm64
73 silly reify mark deleted [
73 silly reify   '/home/aitzazji91/nexus-ai-agent/node_modules/lightningcss-android-arm64'
73 silly reify ]
74 verbose reify failed optional dependency /home/aitzazji91/nexus-ai-agent/node_modules/fsevents
75 silly reify mark deleted [ '/home/aitzazji91/nexus-ai-agent/node_modules/fsevents' ]
76 verbose reify failed optional dependency /home/aitzazji91/nexus-ai-agent/node_modules/@tailwindcss/oxide-win32-x64-msvc
77 silly reify mark deleted [
77 silly reify   '/home/aitzazji91/nexus-ai-agent/node_modules/@tailwindcss/oxide-win32-x64-msvc'
77 silly reify ]
78 verbose reify failed optional dependency /home/aitzazji91/nexus-ai-agent/node_modules/@tailwindcss/oxide-win32-arm64-msvc
79 silly reify mark deleted [
79 silly reify   '/home/aitzazji91/nexus-ai-agent/node_modules/@tailwindcss/oxide-win32-arm64-msvc'
79 silly reify ]
80 verbose reify failed optional dependency /home/aitzazji91/nexus-ai-agent/node_modules/@tailwindcss/oxide-linux-arm64-musl
81 silly reify mark deleted [
81 silly reify   '/home/aitzazji91/nexus-ai-agent/node_modules/@tailwindcss/oxide-linux-arm64-musl'
81 silly reify ]
82 verbose reify failed optional dependency /home/aitzazji91/nexus-ai-agent/node_modules/@tailwindcss/oxide-linux-arm64-gnu
83 silly reify mark deleted [
83 silly reify   '/home/aitzazji91/nexus-ai-agent/node_modules/@tailwindcss/oxide-linux-arm64-gnu'
83 silly reify ]
84 verbose reify failed optional dependency /home/aitzazji91/nexus-ai-agent/node_modules/@tailwindcss/oxide-linux-arm-gnueabihf
85 silly reify mark deleted [
85 silly reify   '/home/aitzazji91/nexus-ai-agent/node_modules/@tailwindcss/oxide-linux-arm-gnueabihf'
85 silly reify ]
86 verbose reify failed optional dependency /home/aitzazji91/nexus-ai-agent/node_modules/@tailwindcss/oxide-freebsd-x64
87 silly reify mark deleted [
87 silly reify   '/home/aitzazji91/nexus-ai-agent/node_modules/@tailwindcss/oxide-freebsd-x64'
87 silly reify ]
88 verbose reify failed optional dependency /home/aitzazji91/nexus-ai-agent/node_modules/@tailwindcss/oxide-darwin-x64
89 silly reify mark deleted [
89 silly reify   '/home/aitzazji91/nexus-ai-agent/node_modules/@tailwindcss/oxide-darwin-x64'
89 silly reify ]
90 verbose reify failed optional dependency /home/aitzazji91/nexus-ai-agent/node_modules/@tailwindcss/oxide-darwin-arm64
91 silly reify mark deleted [
91 silly reify   '/home/aitzazji91/nexus-ai-agent/node_modules/@tailwindcss/oxide-darwin-arm64'
91 silly reify ]
92 verbose reify failed optional dependency /home/aitzazji91/nexus-ai-agent/node_modules/@tailwindcss/oxide-android-arm64
93 silly reify mark deleted [
93 silly reify   '/home/aitzazji91/nexus-ai-agent/node_modules/@tailwindcss/oxide-android-arm64'
93 silly reify ]
94 verbose reify failed optional dependency /home/aitzazji91/nexus-ai-agent/node_modules/@rollup/rollup-win32-x64-msvc
95 silly reify mark deleted [
95 silly reify   '/home/aitzazji91/nexus-ai-agent/node_modules/@rollup/rollup-win32-x64-msvc'
95 silly reify ]
96 verbose reify failed optional dependency /home/aitzazji91/nexus-ai-agent/node_modules/@rollup/rollup-win32-x64-gnu
97 silly reify mark deleted [
97 silly reify   '/home/aitzazji91/nexus-ai-agent/node_modules/@rollup/rollup-win32-x64-gnu'
97 silly reify ]
98 verbose reify failed optional dependency /home/aitzazji91/nexus-ai-agent/node_modules/@rollup/rollup-win32-ia32-msvc
99 silly reify mark deleted [
99 silly reify   '/home/aitzazji91/nexus-ai-agent/node_modules/@rollup/rollup-win32-ia32-msvc'
99 silly reify ]
100 verbose reify failed optional dependency /home/aitzazji91/nexus-ai-agent/node_modules/@rollup/rollup-win32-arm64-msvc
101 silly reify mark deleted [
101 silly reify   '/home/aitzazji91/nexus-ai-agent/node_modules/@rollup/rollup-win32-arm64-msvc'
101 silly reify ]
102 verbose reify failed optional dependency /home/aitzazji91/nexus-ai-agent/node_modules/@rollup/rollup-openharmony-arm64
103 silly reify mark deleted [
103 silly reify   '/home/aitzazji91/nexus-ai-agent/node_modules/@rollup/rollup-openharmony-arm64'
103 silly reify ]
104 verbose reify failed optional dependency /home/aitzazji91/nexus-ai-agent/node_modules/@rollup/rollup-openbsd-x64
105 silly reify mark deleted [
105 silly reify   '/home/aitzazji91/nexus-ai-agent/node_modules/@rollup/rollup-openbsd-x64'
105 silly reify ]
106 verbose reify failed optional dependency /home/aitzazji91/nexus-ai-agent/node_modules/@rollup/rollup-linux-s390x-gnu
107 silly reify mark deleted [
107 silly reify   '/home/aitzazji91/nexus-ai-agent/node_modules/@rollup/rollup-linux-s390x-gnu'
107 silly reify ]
108 verbose reify failed optional dependency /home/aitzazji91/nexus-ai-agent/node_modules/@rollup/rollup-linux-riscv64-musl
109 silly reify mark deleted [
109 silly reify   '/home/aitzazji91/nexus-ai-agent/node_modules/@rollup/rollup-linux-riscv64-musl'
109 silly reify ]
110 verbose reify failed optional dependency /home/aitzazji91/nexus-ai-agent/node_modules/@rollup/rollup-linux-riscv64-gnu
111 silly reify mark deleted [
111 silly reify   '/home/aitzazji91/nexus-ai-agent/node_modules/@rollup/rollup-linux-riscv64-gnu'
111 silly reify ]
112 verbose reify failed optional dependency /home/aitzazji91/nexus-ai-agent/node_modules/@rollup/rollup-linux-ppc64-musl
113 silly reify mark deleted [
113 silly reify   '/home/aitzazji91/nexus-ai-agent/node_modules/@rollup/rollup-linux-ppc64-musl'
113 silly reify ]
114 verbose reify failed optional dependency /home/aitzazji91/nexus-ai-agent/node_modules/@rollup/rollup-linux-ppc64-gnu
115 silly reify mark deleted [
115 silly reify   '/home/aitzazji91/nexus-ai-agent/node_modules/@rollup/rollup-linux-ppc64-gnu'
115 silly reify ]
116 verbose reify failed optional dependency /home/aitzazji91/nexus-ai-agent/node_modules/@rollup/rollup-linux-loong64-musl
117 silly reify mark deleted [
117 silly reify   '/home/aitzazji91/nexus-ai-agent/node_modules/@rollup/rollup-linux-loong64-musl'
117 silly reify ]
118 verbose reify failed optional dependency /home/aitzazji91/nexus-ai-agent/node_modules/@rollup/rollup-linux-loong64-gnu
119 silly reify mark deleted [
119 silly reify   '/home/aitzazji91/nexus-ai-agent/node_modules/@rollup/rollup-linux-loong64-gnu'
119 silly reify ]
120 verbose reify failed optional dependency /home/aitzazji91/nexus-ai-agent/node_modules/@rollup/rollup-linux-arm64-musl
121 silly reify mark deleted [
121 silly reify   '/home/aitzazji91/nexus-ai-agent/node_modules/@rollup/rollup-linux-arm64-musl'
121 silly reify ]
122 verbose reify failed optional dependency /home/aitzazji91/nexus-ai-agent/node_modules/@rollup/rollup-linux-arm64-gnu
123 silly reify mark deleted [
123 silly reify   '/home/aitzazji91/nexus-ai-agent/node_modules/@rollup/rollup-linux-arm64-gnu'
123 silly reify ]
124 verbose reify failed optional dependency /home/aitzazji91/nexus-ai-agent/node_modules/@rollup/rollup-linux-arm-musleabihf
125 silly reify mark deleted [
125 silly reify   '/home/aitzazji91/nexus-ai-agent/node_modules/@rollup/rollup-linux-arm-musleabihf'
125 silly reify ]
126 verbose reify failed optional dependency /home/aitzazji91/nexus-ai-agent/node_modules/@rollup/rollup-linux-arm-gnueabihf
127 silly reify mark deleted [
127 silly reify   '/home/aitzazji91/nexus-ai-agent/node_modules/@rollup/rollup-linux-arm-gnueabihf'
127 silly reify ]
128 verbose reify failed optional dependency /home/aitzazji91/nexus-ai-agent/node_modules/@rollup/rollup-freebsd-x64
129 silly reify mark deleted [
129 silly reify   '/home/aitzazji91/nexus-ai-agent/node_modules/@rollup/rollup-freebsd-x64'
129 silly reify ]
130 verbose reify failed optional dependency /home/aitzazji91/nexus-ai-agent/node_modules/@rollup/rollup-freebsd-arm64
131 silly reify mark deleted [
131 silly reify   '/home/aitzazji91/nexus-ai-agent/node_modules/@rollup/rollup-freebsd-arm64'
131 silly reify ]
132 verbose reify failed optional dependency /home/aitzazji91/nexus-ai-agent/node_modules/@rollup/rollup-darwin-x64
133 silly reify mark deleted [
133 silly reify   '/home/aitzazji91/nexus-ai-agent/node_modules/@rollup/rollup-darwin-x64'
133 silly reify ]
134 verbose reify failed optional dependency /home/aitzazji91/nexus-ai-agent/node_modules/@rollup/rollup-darwin-arm64
135 silly reify mark deleted [
135 silly reify   '/home/aitzazji91/nexus-ai-agent/node_modules/@rollup/rollup-darwin-arm64'
135 silly reify ]
136 verbose reify failed optional dependency /home/aitzazji91/nexus-ai-agent/node_modules/@rollup/rollup-android-arm64
137 silly reify mark deleted [
137 silly reify   '/home/aitzazji91/nexus-ai-agent/node_modules/@rollup/rollup-android-arm64'
137 silly reify ]
138 verbose reify failed optional dependency /home/aitzazji91/nexus-ai-agent/node_modules/@rollup/rollup-android-arm-eabi
139 silly reify mark deleted [
139 silly reify   '/home/aitzazji91/nexus-ai-agent/node_modules/@rollup/rollup-android-arm-eabi'
139 silly reify ]
140 verbose reify failed optional dependency /home/aitzazji91/nexus-ai-agent/node_modules/@esbuild/win32-x64
141 silly reify mark deleted [ '/home/aitzazji91/nexus-ai-agent/node_modules/@esbuild/win32-x64' ]
142 verbose reify failed optional dependency /home/aitzazji91/nexus-ai-agent/node_modules/@esbuild/win32-ia32
143 silly reify mark deleted [ '/home/aitzazji91/nexus-ai-agent/node_modules/@esbuild/win32-ia32' ]
144 verbose reify failed optional dependency /home/aitzazji91/nexus-ai-agent/node_modules/@esbuild/win32-arm64
145 silly reify mark deleted [ '/home/aitzazji91/nexus-ai-agent/node_modules/@esbuild/win32-arm64' ]
146 verbose reify failed optional dependency /home/aitzazji91/nexus-ai-agent/node_modules/@esbuild/sunos-x64
147 silly reify mark deleted [ '/home/aitzazji91/nexus-ai-agent/node_modules/@esbuild/sunos-x64' ]
148 verbose reify failed optional dependency /home/aitzazji91/nexus-ai-agent/node_modules/@esbuild/openharmony-arm64
149 silly reify mark deleted [
149 silly reify   '/home/aitzazji91/nexus-ai-agent/node_modules/@esbuild/openharmony-arm64'
149 silly reify ]
150 verbose reify failed optional dependency /home/aitzazji91/nexus-ai-agent/node_modules/@esbuild/openbsd-x64
151 silly reify mark deleted [ '/home/aitzazji91/nexus-ai-agent/node_modules/@esbuild/openbsd-x64' ]
152 verbose reify failed optional dependency /home/aitzazji91/nexus-ai-agent/node_modules/@esbuild/openbsd-arm64
153 silly reify mark deleted [
153 silly reify   '/home/aitzazji91/nexus-ai-agent/node_modules/@esbuild/openbsd-arm64'
153 silly reify ]
154 verbose reify failed optional dependency /home/aitzazji91/nexus-ai-agent/node_modules/@esbuild/netbsd-x64
155 silly reify mark deleted [ '/home/aitzazji91/nexus-ai-agent/node_modules/@esbuild/netbsd-x64' ]
156 verbose reify failed optional dependency /home/aitzazji91/nexus-ai-agent/node_modules/@esbuild/netbsd-arm64
157 silly reify mark deleted [
157 silly reify   '/home/aitzazji91/nexus-ai-agent/node_modules/@esbuild/netbsd-arm64'
157 silly reify ]
158 verbose reify failed optional dependency /home/aitzazji91/nexus-ai-agent/node_modules/@esbuild/linux-s390x
159 silly reify mark deleted [ '/home/aitzazji91/nexus-ai-agent/node_modules/@esbuild/linux-s390x' ]
160 verbose reify failed optional dependency /home/aitzazji91/nexus-ai-agent/node_modules/@esbuild/linux-riscv64
161 silly reify mark deleted [
161 silly reify   '/home/aitzazji91/nexus-ai-agent/node_modules/@esbuild/linux-riscv64'
161 silly reify ]
162 verbose reify failed optional dependency /home/aitzazji91/nexus-ai-agent/node_modules/@esbuild/linux-ppc64
163 silly reify mark deleted [ '/home/aitzazji91/nexus-ai-agent/node_modules/@esbuild/linux-ppc64' ]
164 verbose reify failed optional dependency /home/aitzazji91/nexus-ai-agent/node_modules/@esbuild/linux-mips64el
165 silly reify mark deleted [
165 silly reify   '/home/aitzazji91/nexus-ai-agent/node_modules/@esbuild/linux-mips64el'
165 silly reify ]
166 verbose reify failed optional dependency /home/aitzazji91/nexus-ai-agent/node_modules/@esbuild/linux-loong64
167 silly reify mark deleted [
167 silly reify   '/home/aitzazji91/nexus-ai-agent/node_modules/@esbuild/linux-loong64'
167 silly reify ]
168 verbose reify failed optional dependency /home/aitzazji91/nexus-ai-agent/node_modules/@esbuild/linux-ia32
169 silly reify mark deleted [ '/home/aitzazji91/nexus-ai-agent/node_modules/@esbuild/linux-ia32' ]
170 verbose reify failed optional dependency /home/aitzazji91/nexus-ai-agent/node_modules/@esbuild/linux-arm64
171 silly reify mark deleted [ '/home/aitzazji91/nexus-ai-agent/node_modules/@esbuild/linux-arm64' ]
172 verbose reify failed optional dependency /home/aitzazji91/nexus-ai-agent/node_modules/@esbuild/linux-arm
173 silly reify mark deleted [ '/home/aitzazji91/nexus-ai-agent/node_modules/@esbuild/linux-arm' ]
174 verbose reify failed optional dependency /home/aitzazji91/nexus-ai-agent/node_modules/@esbuild/freebsd-x64
175 silly reify mark deleted [ '/home/aitzazji91/nexus-ai-agent/node_modules/@esbuild/freebsd-x64' ]
176 verbose reify failed optional dependency /home/aitzazji91/nexus-ai-agent/node_modules/@esbuild/freebsd-arm64
177 silly reify mark deleted [
177 silly reify   '/home/aitzazji91/nexus-ai-agent/node_modules/@esbuild/freebsd-arm64'
177 silly reify ]
178 verbose reify failed optional dependency /home/aitzazji91/nexus-ai-agent/node_modules/@esbuild/darwin-x64
179 silly reify mark deleted [ '/home/aitzazji91/nexus-ai-agent/node_modules/@esbuild/darwin-x64' ]
180 verbose reify failed optional dependency /home/aitzazji91/nexus-ai-agent/node_modules/@esbuild/darwin-arm64
181 silly reify mark deleted [
181 silly reify   '/home/aitzazji91/nexus-ai-agent/node_modules/@esbuild/darwin-arm64'
181 silly reify ]
182 verbose reify failed optional dependency /home/aitzazji91/nexus-ai-agent/node_modules/@esbuild/android-x64
183 silly reify mark deleted [ '/home/aitzazji91/nexus-ai-agent/node_modules/@esbuild/android-x64' ]
184 verbose reify failed optional dependency /home/aitzazji91/nexus-ai-agent/node_modules/@esbuild/android-arm64
185 silly reify mark deleted [
185 silly reify   '/home/aitzazji91/nexus-ai-agent/node_modules/@esbuild/android-arm64'
185 silly reify ]
186 verbose reify failed optional dependency /home/aitzazji91/nexus-ai-agent/node_modules/@esbuild/android-arm
187 silly reify mark deleted [ '/home/aitzazji91/nexus-ai-agent/node_modules/@esbuild/android-arm' ]
188 verbose reify failed optional dependency /home/aitzazji91/nexus-ai-agent/node_modules/@esbuild/aix-ppc64
189 silly reify mark deleted [ '/home/aitzazji91/nexus-ai-agent/node_modules/@esbuild/aix-ppc64' ]
190 verbose reify failed optional dependency /home/aitzazji91/nexus-ai-agent/node_modules/tsx/node_modules/@esbuild/win32-x64
191 silly reify mark deleted [
191 silly reify   '/home/aitzazji91/nexus-ai-agent/node_modules/tsx/node_modules/@esbuild/win32-x64'
191 silly reify ]
192 verbose reify failed optional dependency /home/aitzazji91/nexus-ai-agent/node_modules/tsx/node_modules/@esbuild/win32-ia32
193 silly reify mark deleted [
193 silly reify   '/home/aitzazji91/nexus-ai-agent/node_modules/tsx/node_modules/@esbuild/win32-ia32'
193 silly reify ]
194 verbose reify failed optional dependency /home/aitzazji91/nexus-ai-agent/node_modules/tsx/node_modules/@esbuild/win32-arm64
195 silly reify mark deleted [
195 silly reify   '/home/aitzazji91/nexus-ai-agent/node_modules/tsx/node_modules/@esbuild/win32-arm64'
195 silly reify ]
196 verbose reify failed optional dependency /home/aitzazji91/nexus-ai-agent/node_modules/tsx/node_modules/@esbuild/sunos-x64
197 silly reify mark deleted [
197 silly reify   '/home/aitzazji91/nexus-ai-agent/node_modules/tsx/node_modules/@esbuild/sunos-x64'
197 silly reify ]
198 verbose reify failed optional dependency /home/aitzazji91/nexus-ai-agent/node_modules/tsx/node_modules/@esbuild/openharmony-arm64
199 silly reify mark deleted [
199 silly reify   '/home/aitzazji91/nexus-ai-agent/node_modules/tsx/node_modules/@esbuild/openharmony-arm64'
199 silly reify ]
200 verbose reify failed optional dependency /home/aitzazji91/nexus-ai-agent/node_modules/tsx/node_modules/@esbuild/openbsd-x64
201 silly reify mark deleted [
201 silly reify   '/home/aitzazji91/nexus-ai-agent/node_modules/tsx/node_modules/@esbuild/openbsd-x64'
201 silly reify ]
202 verbose reify failed optional dependency /home/aitzazji91/nexus-ai-agent/node_modules/tsx/node_modules/@esbuild/openbsd-arm64
203 silly reify mark deleted [
203 silly reify   '/home/aitzazji91/nexus-ai-agent/node_modules/tsx/node_modules/@esbuild/openbsd-arm64'
203 silly reify ]
204 verbose reify failed optional dependency /home/aitzazji91/nexus-ai-agent/node_modules/tsx/node_modules/@esbuild/netbsd-x64
205 silly reify mark deleted [
205 silly reify   '/home/aitzazji91/nexus-ai-agent/node_modules/tsx/node_modules/@esbuild/netbsd-x64'
205 silly reify ]
206 verbose reify failed optional dependency /home/aitzazji91/nexus-ai-agent/node_modules/tsx/node_modules/@esbuild/netbsd-arm64
207 silly reify mark deleted [
207 silly reify   '/home/aitzazji91/nexus-ai-agent/node_modules/tsx/node_modules/@esbuild/netbsd-arm64'
207 silly reify ]
208 verbose reify failed optional dependency /home/aitzazji91/nexus-ai-agent/node_modules/tsx/node_modules/@esbuild/linux-s390x
209 silly reify mark deleted [
209 silly reify   '/home/aitzazji91/nexus-ai-agent/node_modules/tsx/node_modules/@esbuild/linux-s390x'
209 silly reify ]
210 verbose reify failed optional dependency /home/aitzazji91/nexus-ai-agent/node_modules/tsx/node_modules/@esbuild/linux-riscv64
211 silly reify mark deleted [
211 silly reify   '/home/aitzazji91/nexus-ai-agent/node_modules/tsx/node_modules/@esbuild/linux-riscv64'
211 silly reify ]
212 verbose reify failed optional dependency /home/aitzazji91/nexus-ai-agent/node_modules/tsx/node_modules/@esbuild/linux-ppc64
213 silly reify mark deleted [
213 silly reify   '/home/aitzazji91/nexus-ai-agent/node_modules/tsx/node_modules/@esbuild/linux-ppc64'
213 silly reify ]
214 verbose reify failed optional dependency /home/aitzazji91/nexus-ai-agent/node_modules/tsx/node_modules/@esbuild/linux-mips64el
215 silly reify mark deleted [
215 silly reify   '/home/aitzazji91/nexus-ai-agent/node_modules/tsx/node_modules/@esbuild/linux-mips64el'
215 silly reify ]
216 verbose reify failed optional dependency /home/aitzazji91/nexus-ai-agent/node_modules/tsx/node_modules/@esbuild/linux-loong64
217 silly reify mark deleted [
217 silly reify   '/home/aitzazji91/nexus-ai-agent/node_modules/tsx/node_modules/@esbuild/linux-loong64'
217 silly reify ]
218 verbose reify failed optional dependency /home/aitzazji91/nexus-ai-agent/node_modules/tsx/node_modules/@esbuild/linux-ia32
219 silly reify mark deleted [
219 silly reify   '/home/aitzazji91/nexus-ai-agent/node_modules/tsx/node_modules/@esbuild/linux-ia32'
219 silly reify ]
220 verbose reify failed optional dependency /home/aitzazji91/nexus-ai-agent/node_modules/tsx/node_modules/@esbuild/linux-arm64
221 silly reify mark deleted [
221 silly reify   '/home/aitzazji91/nexus-ai-agent/node_modules/tsx/node_modules/@esbuild/linux-arm64'
221 silly reify ]
222 verbose reify failed optional dependency /home/aitzazji91/nexus-ai-agent/node_modules/tsx/node_modules/@esbuild/linux-arm
223 silly reify mark deleted [
223 silly reify   '/home/aitzazji91/nexus-ai-agent/node_modules/tsx/node_modules/@esbuild/linux-arm'
223 silly reify ]
224 verbose reify failed optional dependency /home/aitzazji91/nexus-ai-agent/node_modules/tsx/node_modules/@esbuild/freebsd-x64
225 silly reify mark deleted [
225 silly reify   '/home/aitzazji91/nexus-ai-agent/node_modules/tsx/node_modules/@esbuild/freebsd-x64'
225 silly reify ]
226 verbose reify failed optional dependency /home/aitzazji91/nexus-ai-agent/node_modules/tsx/node_modules/@esbuild/freebsd-arm64
227 silly reify mark deleted [
227 silly reify   '/home/aitzazji91/nexus-ai-agent/node_modules/tsx/node_modules/@esbuild/freebsd-arm64'
227 silly reify ]
228 verbose reify failed optional dependency /home/aitzazji91/nexus-ai-agent/node_modules/tsx/node_modules/@esbuild/darwin-x64
229 silly reify mark deleted [
229 silly reify   '/home/aitzazji91/nexus-ai-agent/node_modules/tsx/node_modules/@esbuild/darwin-x64'
229 silly reify ]
230 verbose reify failed optional dependency /home/aitzazji91/nexus-ai-agent/node_modules/tsx/node_modules/@esbuild/darwin-arm64
231 silly reify mark deleted [
231 silly reify   '/home/aitzazji91/nexus-ai-agent/node_modules/tsx/node_modules/@esbuild/darwin-arm64'
231 silly reify ]
232 verbose reify failed optional dependency /home/aitzazji91/nexus-ai-agent/node_modules/tsx/node_modules/@esbuild/android-x64
233 silly reify mark deleted [
233 silly reify   '/home/aitzazji91/nexus-ai-agent/node_modules/tsx/node_modules/@esbuild/android-x64'
233 silly reify ]
234 verbose reify failed optional dependency /home/aitzazji91/nexus-ai-agent/node_modules/tsx/node_modules/@esbuild/android-arm64
235 silly reify mark deleted [
235 silly reify   '/home/aitzazji91/nexus-ai-agent/node_modules/tsx/node_modules/@esbuild/android-arm64'
235 silly reify ]
236 verbose reify failed optional dependency /home/aitzazji91/nexus-ai-agent/node_modules/tsx/node_modules/@esbuild/android-arm
237 silly reify mark deleted [
237 silly reify   '/home/aitzazji91/nexus-ai-agent/node_modules/tsx/node_modules/@esbuild/android-arm'
237 silly reify ]
238 verbose reify failed optional dependency /home/aitzazji91/nexus-ai-agent/node_modules/tsx/node_modules/@esbuild/aix-ppc64
239 silly reify mark deleted [
239 silly reify   '/home/aitzazji91/nexus-ai-agent/node_modules/tsx/node_modules/@esbuild/aix-ppc64'
239 silly reify ]
240 timing reifyNode:node_modules/lightningcss-win32-x64-msvc Completed in 116ms
241 timing reifyNode:node_modules/lightningcss-win32-arm64-msvc Completed in 116ms
242 timing reifyNode:node_modules/lightningcss-linux-arm64-musl Completed in 114ms
243 timing reifyNode:node_modules/lightningcss-linux-arm64-gnu Completed in 114ms
244 timing reifyNode:node_modules/lightningcss-linux-arm-gnueabihf Completed in 115ms
245 timing reifyNode:node_modules/lightningcss-freebsd-x64 Completed in 114ms
246 timing reifyNode:node_modules/lightningcss-darwin-x64 Completed in 114ms
247 timing reifyNode:node_modules/lightningcss-darwin-arm64 Completed in 114ms
248 timing reifyNode:node_modules/lightningcss-android-arm64 Completed in 113ms
249 timing reifyNode:node_modules/fsevents Completed in 114ms
250 timing reifyNode:node_modules/@tailwindcss/oxide-win32-x64-msvc Completed in 114ms
251 timing reifyNode:node_modules/@tailwindcss/oxide-win32-arm64-msvc Completed in 115ms
252 timing reifyNode:node_modules/@tailwindcss/oxide-linux-arm64-musl Completed in 114ms
253 timing reifyNode:node_modules/@tailwindcss/oxide-linux-arm64-gnu Completed in 114ms
254 timing reifyNode:node_modules/@tailwindcss/oxide-linux-arm-gnueabihf Completed in 114ms
255 timing reifyNode:node_modules/@tailwindcss/oxide-freebsd-x64 Completed in 115ms
256 timing reifyNode:node_modules/@tailwindcss/oxide-darwin-x64 Completed in 115ms
257 timing reifyNode:node_modules/@tailwindcss/oxide-darwin-arm64 Completed in 115ms
258 timing reifyNode:node_modules/@tailwindcss/oxide-android-arm64 Completed in 116ms
259 timing reifyNode:node_modules/@rollup/rollup-win32-x64-msvc Completed in 115ms
260 timing reifyNode:node_modules/@rollup/rollup-win32-x64-gnu Completed in 115ms
261 timing reifyNode:node_modules/@rollup/rollup-win32-ia32-msvc Completed in 115ms
262 timing reifyNode:node_modules/@rollup/rollup-win32-arm64-msvc Completed in 116ms
263 timing reifyNode:node_modules/@rollup/rollup-openharmony-arm64 Completed in 116ms
264 timing reifyNode:node_modules/@rollup/rollup-openbsd-x64 Completed in 116ms
265 timing reifyNode:node_modules/@rollup/rollup-linux-s390x-gnu Completed in 117ms
266 timing reifyNode:node_modules/@rollup/rollup-linux-riscv64-musl Completed in 116ms
267 timing reifyNode:node_modules/@rollup/rollup-linux-riscv64-gnu Completed in 116ms
268 timing reifyNode:node_modules/@rollup/rollup-linux-ppc64-musl Completed in 116ms
269 timing reifyNode:node_modules/@rollup/rollup-linux-ppc64-gnu Completed in 116ms
270 timing reifyNode:node_modules/@rollup/rollup-linux-loong64-musl Completed in 117ms
271 timing reifyNode:node_modules/@rollup/rollup-linux-loong64-gnu Completed in 117ms
272 timing reifyNode:node_modules/@rollup/rollup-linux-arm64-musl Completed in 116ms
273 timing reifyNode:node_modules/@rollup/rollup-linux-arm64-gnu Completed in 116ms
274 timing reifyNode:node_modules/@rollup/rollup-linux-arm-musleabihf Completed in 117ms
275 timing reifyNode:node_modules/@rollup/rollup-linux-arm-gnueabihf Completed in 117ms
276 timing reifyNode:node_modules/@rollup/rollup-freebsd-x64 Completed in 117ms
277 timing reifyNode:node_modules/@rollup/rollup-freebsd-arm64 Completed in 117ms
278 timing reifyNode:node_modules/@rollup/rollup-darwin-x64 Completed in 118ms
279 timing reifyNode:node_modules/@rollup/rollup-darwin-arm64 Completed in 117ms
280 timing reifyNode:node_modules/@rollup/rollup-android-arm64 Completed in 117ms
281 timing reifyNode:node_modules/@rollup/rollup-android-arm-eabi Completed in 117ms
282 timing reifyNode:node_modules/@esbuild/win32-x64 Completed in 118ms
283 timing reifyNode:node_modules/@esbuild/win32-ia32 Completed in 118ms
284 timing reifyNode:node_modules/@esbuild/win32-arm64 Completed in 118ms
285 timing reifyNode:node_modules/@esbuild/sunos-x64 Completed in 118ms
286 timing reifyNode:node_modules/@esbuild/openharmony-arm64 Completed in 118ms
287 timing reifyNode:node_modules/@esbuild/openbsd-x64 Completed in 118ms
288 timing reifyNode:node_modules/@esbuild/openbsd-arm64 Completed in 118ms
289 timing reifyNode:node_modules/@esbuild/netbsd-x64 Completed in 118ms
290 timing reifyNode:node_modules/@esbuild/netbsd-arm64 Completed in 118ms
291 timing reifyNode:node_modules/@esbuild/linux-s390x Completed in 119ms
292 timing reifyNode:node_modules/@esbuild/linux-riscv64 Completed in 118ms
293 timing reifyNode:node_modules/@esbuild/linux-ppc64 Completed in 118ms
294 timing reifyNode:node_modules/@esbuild/linux-mips64el Completed in 118ms
295 timing reifyNode:node_modules/@esbuild/linux-loong64 Completed in 118ms
296 timing reifyNode:node_modules/@esbuild/linux-ia32 Completed in 119ms
297 timing reifyNode:node_modules/@esbuild/linux-arm64 Completed in 119ms
298 timing reifyNode:node_modules/@esbuild/linux-arm Completed in 119ms
299 timing reifyNode:node_modules/@esbuild/freebsd-x64 Completed in 118ms
300 timing reifyNode:node_modules/@esbuild/freebsd-arm64 Completed in 119ms
301 timing reifyNode:node_modules/@esbuild/darwin-x64 Completed in 119ms
302 timing reifyNode:node_modules/@esbuild/darwin-arm64 Completed in 119ms
303 timing reifyNode:node_modules/@esbuild/android-x64 Completed in 119ms
304 timing reifyNode:node_modules/@esbuild/android-arm64 Completed in 119ms
305 timing reifyNode:node_modules/@esbuild/android-arm Completed in 119ms
306 timing reifyNode:node_modules/@esbuild/aix-ppc64 Completed in 119ms
307 timing reifyNode:node_modules/tsx/node_modules/@esbuild/win32-x64 Completed in 119ms
308 timing reifyNode:node_modules/tsx/node_modules/@esbuild/win32-ia32 Completed in 119ms
309 timing reifyNode:node_modules/tsx/node_modules/@esbuild/win32-arm64 Completed in 119ms
310 timing reifyNode:node_modules/tsx/node_modules/@esbuild/sunos-x64 Completed in 120ms
311 timing reifyNode:node_modules/tsx/node_modules/@esbuild/openharmony-arm64 Completed in 119ms
312 timing reifyNode:node_modules/tsx/node_modules/@esbuild/openbsd-x64 Completed in 119ms
313 timing reifyNode:node_modules/tsx/node_modules/@esbuild/openbsd-arm64 Completed in 119ms
314 timing reifyNode:node_modules/tsx/node_modules/@esbuild/netbsd-x64 Completed in 119ms
315 timing reifyNode:node_modules/tsx/node_modules/@esbuild/netbsd-arm64 Completed in 120ms
316 timing reifyNode:node_modules/tsx/node_modules/@esbuild/linux-s390x Completed in 120ms
317 timing reifyNode:node_modules/tsx/node_modules/@esbuild/linux-riscv64 Completed in 119ms
318 timing reifyNode:node_modules/tsx/node_modules/@esbuild/linux-ppc64 Completed in 120ms
319 timing reifyNode:node_modules/tsx/node_modules/@esbuild/linux-mips64el Completed in 120ms
320 timing reifyNode:node_modules/tsx/node_modules/@esbuild/linux-loong64 Completed in 119ms
321 timing reifyNode:node_modules/tsx/node_modules/@esbuild/linux-ia32 Completed in 120ms
322 timing reifyNode:node_modules/tsx/node_modules/@esbuild/linux-arm64 Completed in 120ms
323 timing reifyNode:node_modules/tsx/node_modules/@esbuild/linux-arm Completed in 120ms
324 timing reifyNode:node_modules/tsx/node_modules/@esbuild/freebsd-x64 Completed in 120ms
325 timing reifyNode:node_modules/tsx/node_modules/@esbuild/freebsd-arm64 Completed in 120ms
326 timing reifyNode:node_modules/tsx/node_modules/@esbuild/darwin-x64 Completed in 121ms
327 timing reifyNode:node_modules/tsx/node_modules/@esbuild/darwin-arm64 Completed in 121ms
328 timing reifyNode:node_modules/tsx/node_modules/@esbuild/android-x64 Completed in 120ms
329 timing reifyNode:node_modules/tsx/node_modules/@esbuild/android-arm64 Completed in 120ms
330 timing reifyNode:node_modules/tsx/node_modules/@esbuild/android-arm Completed in 121ms
331 timing reifyNode:node_modules/tsx/node_modules/@esbuild/aix-ppc64 Completed in 121ms
332 timing reify:unpack Completed in 138ms
333 timing reify:unretire Completed in 0ms
334 timing build:queue Completed in 39ms
335 timing build:deps Completed in 41ms
336 timing build Completed in 42ms
337 timing reify:build Completed in 44ms
338 timing reify:trash Completed in 31ms
339 timing reify:save Completed in 365ms
340 http fetch POST 200 https://registry.npmjs.org/-/npm/v1/security/advisories/bulk 1233ms
341 timing auditReport:getReport Completed in 1247ms
342 silly audit report {}
343 timing auditReport:init Completed in 0ms
344 timing reify:audit Completed in 1250ms
345 timing reify Completed in 2302ms
346 silly ADD
347 silly ADD
348 silly ADD
349 silly ADD
350 silly ADD
351 silly ADD
352 silly ADD
353 silly ADD
354 silly ADD
355 silly ADD
356 silly ADD
357 silly ADD
358 silly ADD
359 silly ADD
360 silly ADD
361 silly ADD
362 silly ADD
363 silly ADD
364 silly ADD
365 silly ADD
366 silly ADD
367 silly ADD
368 silly ADD
369 silly ADD
370 silly ADD
371 silly ADD
372 silly ADD
373 silly ADD
374 silly ADD
375 silly ADD
376 silly ADD
377 silly ADD
378 silly ADD
379 silly ADD
380 silly ADD
381 silly ADD
382 silly ADD
383 silly ADD
384 silly ADD
385 silly ADD
386 silly ADD
387 silly ADD
388 silly ADD
389 silly ADD
390 silly ADD
391 silly ADD
392 silly ADD
393 silly ADD
394 silly ADD
395 silly ADD
396 silly ADD
397 silly ADD
398 silly ADD
399 silly ADD
400 silly ADD
401 silly ADD
402 silly ADD
403 silly ADD
404 silly ADD
405 silly ADD
406 silly ADD
407 silly ADD
408 silly ADD
409 silly ADD
410 silly ADD
411 silly ADD
412 silly ADD
413 silly ADD
414 silly ADD
415 silly ADD
416 silly ADD
417 silly ADD
418 silly ADD
419 silly ADD
420 silly ADD
421 silly ADD
422 silly ADD
423 silly ADD
424 silly ADD
425 silly ADD
426 silly ADD
427 silly ADD
428 silly ADD
429 silly ADD
430 silly ADD
431 silly ADD
432 silly ADD
433 silly ADD
434 silly ADD
435 silly ADD
436 silly ADD
437 silly ADD
438 silly ADD
439 timing command:install Completed in 2340ms
440 verbose exit 0
441 timing npm Completed in 2447ms
442 info ok
